###############################################################################
#
# IAR ELF Linker V7.80.4.12462/W32 for ARM                30/May/2018  23:21:05
# Copyright 2007-2017 IAR Systems AB.
#
#    Output file  =  
#        C:\Users\Administrator\Desktop\multicoil_encoder_fw\multicoil_encoder_firmware_iar\EWARM\Debug\Exe\multi_encoder.out.tmp
#    Map file     =  
#        C:\Users\Administrator\Desktop\multicoil_encoder_fw\multicoil_encoder_firmware_iar\EWARM\Debug\List\multi_encoder.map
#    Command line =  
#        C:\Users\Administrator\Desktop\multicoil_encoder_fw\multicoil_encoder_firmware_iar\EWARM\Debug\Obj\acmp_8xx.o
#        C:\Users\Administrator\Desktop\multicoil_encoder_fw\multicoil_encoder_firmware_iar\EWARM\Debug\Obj\adc_8xx.o
#        C:\Users\Administrator\Desktop\multicoil_encoder_fw\multicoil_encoder_firmware_iar\EWARM\Debug\Obj\calc_value.o
#        C:\Users\Administrator\Desktop\multicoil_encoder_fw\multicoil_encoder_firmware_iar\EWARM\Debug\Obj\chip_8xx.o
#        C:\Users\Administrator\Desktop\multicoil_encoder_fw\multicoil_encoder_firmware_iar\EWARM\Debug\Obj\clock_8xx.o
#        C:\Users\Administrator\Desktop\multicoil_encoder_fw\multicoil_encoder_firmware_iar\EWARM\Debug\Obj\crc_8xx.o
#        C:\Users\Administrator\Desktop\multicoil_encoder_fw\multicoil_encoder_firmware_iar\EWARM\Debug\Obj\dma_8xx.o
#        C:\Users\Administrator\Desktop\multicoil_encoder_fw\multicoil_encoder_firmware_iar\EWARM\Debug\Obj\ecd_flash.o
#        C:\Users\Administrator\Desktop\multicoil_encoder_fw\multicoil_encoder_firmware_iar\EWARM\Debug\Obj\eeprom.o
#        C:\Users\Administrator\Desktop\multicoil_encoder_fw\multicoil_encoder_firmware_iar\EWARM\Debug\Obj\gpio_8xx.o
#        C:\Users\Administrator\Desktop\multicoil_encoder_fw\multicoil_encoder_firmware_iar\EWARM\Debug\Obj\i2c_common_8xx.o
#        C:\Users\Administrator\Desktop\multicoil_encoder_fw\multicoil_encoder_firmware_iar\EWARM\Debug\Obj\i2cm_8xx.o
#        C:\Users\Administrator\Desktop\multicoil_encoder_fw\multicoil_encoder_firmware_iar\EWARM\Debug\Obj\i2cs_8xx.o
#        C:\Users\Administrator\Desktop\multicoil_encoder_fw\multicoil_encoder_firmware_iar\EWARM\Debug\Obj\iap.o
#        C:\Users\Administrator\Desktop\multicoil_encoder_fw\multicoil_encoder_firmware_iar\EWARM\Debug\Obj\iar_startup_lpc82x.o
#        C:\Users\Administrator\Desktop\multicoil_encoder_fw\multicoil_encoder_firmware_iar\EWARM\Debug\Obj\iocon_8xx.o
#        C:\Users\Administrator\Desktop\multicoil_encoder_fw\multicoil_encoder_firmware_iar\EWARM\Debug\Obj\irc_8xx.o
#        C:\Users\Administrator\Desktop\multicoil_encoder_fw\multicoil_encoder_firmware_iar\EWARM\Debug\Obj\led.o
#        C:\Users\Administrator\Desktop\multicoil_encoder_fw\multicoil_encoder_firmware_iar\EWARM\Debug\Obj\main.o
#        C:\Users\Administrator\Desktop\multicoil_encoder_fw\multicoil_encoder_firmware_iar\EWARM\Debug\Obj\mlx90316.o
#        C:\Users\Administrator\Desktop\multicoil_encoder_fw\multicoil_encoder_firmware_iar\EWARM\Debug\Obj\pinint_8xx.o
#        C:\Users\Administrator\Desktop\multicoil_encoder_fw\multicoil_encoder_firmware_iar\EWARM\Debug\Obj\pmu_8xx.o
#        C:\Users\Administrator\Desktop\multicoil_encoder_fw\multicoil_encoder_firmware_iar\EWARM\Debug\Obj\ring_buffer.o
#        C:\Users\Administrator\Desktop\multicoil_encoder_fw\multicoil_encoder_firmware_iar\EWARM\Debug\Obj\rtc_ut.o
#        C:\Users\Administrator\Desktop\multicoil_encoder_fw\multicoil_encoder_firmware_iar\EWARM\Debug\Obj\sct_8xx.o
#        C:\Users\Administrator\Desktop\multicoil_encoder_fw\multicoil_encoder_firmware_iar\EWARM\Debug\Obj\sct_pwm_8xx.o
#        C:\Users\Administrator\Desktop\multicoil_encoder_fw\multicoil_encoder_firmware_iar\EWARM\Debug\Obj\spi_8xx.o
#        C:\Users\Administrator\Desktop\multicoil_encoder_fw\multicoil_encoder_firmware_iar\EWARM\Debug\Obj\spi_slaver.o
#        C:\Users\Administrator\Desktop\multicoil_encoder_fw\multicoil_encoder_firmware_iar\EWARM\Debug\Obj\spim_8xx.o
#        C:\Users\Administrator\Desktop\multicoil_encoder_fw\multicoil_encoder_firmware_iar\EWARM\Debug\Obj\spis_8xx.o
#        C:\Users\Administrator\Desktop\multicoil_encoder_fw\multicoil_encoder_firmware_iar\EWARM\Debug\Obj\stopwatch_8xx.o
#        C:\Users\Administrator\Desktop\multicoil_encoder_fw\multicoil_encoder_firmware_iar\EWARM\Debug\Obj\swm_8xx.o
#        C:\Users\Administrator\Desktop\multicoil_encoder_fw\multicoil_encoder_firmware_iar\EWARM\Debug\Obj\syscon_8xx.o
#        C:\Users\Administrator\Desktop\multicoil_encoder_fw\multicoil_encoder_firmware_iar\EWARM\Debug\Obj\sysinit.o
#        C:\Users\Administrator\Desktop\multicoil_encoder_fw\multicoil_encoder_firmware_iar\EWARM\Debug\Obj\sysinit_8xx.o
#        C:\Users\Administrator\Desktop\multicoil_encoder_fw\multicoil_encoder_firmware_iar\EWARM\Debug\Obj\uart_8xx.o
#        C:\Users\Administrator\Desktop\multicoil_encoder_fw\multicoil_encoder_firmware_iar\EWARM\Debug\Obj\wkt_8xx.o
#        C:\Users\Administrator\Desktop\multicoil_encoder_fw\multicoil_encoder_firmware_iar\EWARM\Debug\Obj\wwdt_8xx.o
#        -o
#        C:\Users\Administrator\Desktop\multicoil_encoder_fw\multicoil_encoder_firmware_iar\EWARM\Debug\Exe\multi_encoder.out.tmp
#        --map
#        C:\Users\Administrator\Desktop\multicoil_encoder_fw\multicoil_encoder_firmware_iar\EWARM\Debug\List\multi_encoder.map
#        --config
#        C:\Users\Administrator\Desktop\multicoil_encoder_fw\multicoil_encoder_firmware_iar\EWARM\multi_encoder.icf
#        --semihosting --entry __iar_program_start --vfe
#
###############################################################################

*******************************************************************************
*** RUNTIME MODEL ATTRIBUTES
***

CppFlavor       = *
__SystemLibrary = DLib


*******************************************************************************
*** PLACEMENT SUMMARY
***

"A0":  place at 0x00000000 { ro section .intvec };
"P1":  place in [from 0x00000000 to 0x000002fb] |
                [from 0x00000300 to 0x00003fff] { ro };
"P2":  place in [from 0x10000020 to 0x10000fff] { rw, block CSTACK, block HEAP };
"P3":  place in [from 0x000002fc to 0x000002ff] { section .crp };
initialize by copy { rw };

  Section            Kind        Address    Size  Object
  -------            ----        -------    ----  ------
"A0":                                       0xc0
  .intvec            ro code  0x00000000    0xc0  iar_startup_lpc82x.o [1]
                            - 0x000000c0    0xc0

"P1", part 1 of 2:                           0x8
  .rodata            const    0x000000c0     0x0  zero_init3.o [5]
  .rodata            const    0x000000c0     0x0  copy_init3.o [5]
  Initializer bytes  const    0x000000c0     0x8  <for P2 s0>
                            - 0x000000c8     0x8

"P3":                                        0x4
  .crp               ro code  0x000002fc     0x4  iar_startup_lpc82x.o [1]
                            - 0x00000300     0x4

"P1", part 2 of 2:                        0x1858
  .text              ro code  0x00000300   0x36c  spi_slaver.o [1]
  .text              ro code  0x0000066c    0x24  iocon_8xx.o [1]
  .text              ro code  0x00000690    0x38  swm_8xx.o [1]
  .rodata            const    0x000006c8   0x354  irc_8xx.o [1]
  .text              ro code  0x00000a1c   0x33c  mlx90316.o [1]
  .text              ro code  0x00000d58    0x78  spim_8xx.o [1]
  .text              ro code  0x00000dd0    0x1e  I32ToFlt.o [4]
  .rodata            const    0x00000dee     0x2  irc_8xx.o [1]
  .text              ro code  0x00000df0    0x32  FltToDbl.o [4]
  .text              ro code  0x00000e22    0xc2  DblDiv.o [4]
  .text              ro code  0x00000ee4   0x184  DblMul.o [4]
  .text              ro code  0x00001068    0x62  DblToFlt.o [4]
  .text              ro code  0x000010ca     0x2  iar_startup_lpc82x.o [1]
  .text              ro code  0x000010cc   0x130  clock_8xx.o [1]
  .text              ro code  0x000011fc    0xae  I32DivModFast.o [5]
  .text              ro code  0x000012aa     0x2  iar_startup_lpc82x.o [1]
  .text              ro code  0x000012ac     0x2  IntDivZer.o [5]
  .text              ro code  0x000012ae     0x2  iar_startup_lpc82x.o [1]
  .text              ro code  0x000012b0   0x1b0  main.o [1]
  .text              ro code  0x00001460    0x10  chip_8xx.o [1]
  .text              ro code  0x00001470    0x50  led.o [1]
  .text              ro code  0x000014c0    0x5c  ecd_flash.o [1]
  .text              ro code  0x0000151c   0x11c  calc_value.o [1]
  .text              ro code  0x00001638    0x26  gpio_8xx.o [1]
  .text              ro code  0x0000165e     0x2  iar_startup_lpc82x.o [1]
  .text              ro code  0x00001660    0x84  iap.o [1]
  .text              ro code  0x000016e4    0xaa  FltDiv.o [4]
  .text              ro code  0x0000178e    0xb0  FltMul.o [4]
  .text              ro code  0x00001840    0x26  FltToU32.o [4]
  .text              ro code  0x00001868   0x120  irc_8xx.o [1]
  .text              ro code  0x00001988    0x40  syscon_8xx.o [1]
  .rodata            const    0x000019c8    0x40  clock_8xx.o [1]
  .text              ro code  0x00001a08    0x3c  zero_init3.o [5]
  .text              ro code  0x00001a44    0x30  copy_init3.o [5]
  .text              ro code  0x00001a74    0x28  data_init.o [5]
  .iar.init_table    const    0x00001a9c    0x24  - Linker created -
  .text              ro code  0x00001ac0    0x20  sysinit_8xx.o [1]
  .text              ro code  0x00001ae0    0x1a  cmain.o [5]
  .text              ro code  0x00001afa     0x4  low_level_init.o [3]
  .text              ro code  0x00001afe     0x8  exit.o [3]
  .text              ro code  0x00001b08     0xa  cexit.o [5]
  .text              ro code  0x00001b14    0x14  exit.o [6]
  .text              ro code  0x00001b28    0x10  iar_startup_lpc82x.o [1]
  .text              ro code  0x00001b38     0xc  cstartup_M.o [5]
  .text              ro code  0x00001b44     0x8  sysinit.o [1]
  .rodata            const    0x00001b4c     0x4  sysinit.o [1]
  .rodata            const    0x00001b50     0x4  sysinit.o [1]
  .text              ro code  0x00001b54     0x4  iar_startup_lpc82x.o [1]
                            - 0x00001b58  0x1858

"P2", part 1 of 3:                           0x8
  P2 s0                       0x10000020     0x8  <Init block>
    .data            inited   0x10000020     0x4  calc_value.o [1]
    .data            inited   0x10000024     0x4  calc_value.o [1]
                            - 0x10000028     0x8

"P2", part 2 of 3:                          0x98
  .bss               zero     0x10000028    0x40  ecd_flash.o [1]
  .bss               zero     0x10000068    0x20  calc_value.o [1]
  .bss               zero     0x10000088    0x14  spi_slaver.o [1]
  .bss               zero     0x1000009c     0xc  spi_slaver.o [1]
  .bss               zero     0x100000a8     0x4  chip_8xx.o [1]
  .bss               zero     0x100000ac     0x4  mlx90316.o [1]
  .bss               zero     0x100000b0     0x2  irc_8xx.o [1]
  .bss               zero     0x100000b2     0x2  main.o [1]
  .bss               zero     0x100000b4     0x2  spi_slaver.o [1]
  .bss               zero     0x100000b6     0x1  main.o [1]
  .bss               zero     0x100000b7     0x1  spi_slaver.o [1]
  .bss               zero     0x100000b8     0x1  spi_slaver.o [1]
  .bss               zero     0x100000b9     0x1  spi_slaver.o [1]
  .bss               zero     0x100000ba     0x1  spi_slaver.o [1]
  .bss               zero     0x100000bb     0x1  spi_slaver.o [1]
  .bss               zero     0x100000bc     0x1  spi_slaver.o [1]
                            - 0x100000bd    0x95

"P2", part 3 of 3:                         0x200
  CSTACK                      0x100000c0   0x200  <Block>
    CSTACK           uninit   0x100000c0   0x200  <Block tail>
                            - 0x100002c0   0x200


*******************************************************************************
*** INIT TABLE
***

          Address     Size
          -------     ----
Zero (__iar_zero_init3)
    1 destination range, total size 0x95:
          0x10000028  0x95

Copy (__iar_copy_init3)
    1 source range, total size 0x8:
          0x000000c0   0x8
    1 destination range, total size 0x8:
          0x10000020   0x8



*******************************************************************************
*** MODULE SUMMARY
***

    Module                ro code  ro data  rw data
    ------                -------  -------  -------
C:\Users\Administrator\Desktop\multicoil_encoder_fw\multicoil_encoder_firmware_iar\EWARM\Debug\Obj: [1]
    calc_value.o              284        8       40
    chip_8xx.o                 16                 4
    clock_8xx.o               304       64
    ecd_flash.o                92                64
    gpio_8xx.o                 38
    iap.o                     132
    iar_startup_lpc82x.o      224
    iocon_8xx.o                36
    irc_8xx.o                 288      854        2
    led.o                      80
    main.o                    432                 3
    mlx90316.o                828                 4
    spi_slaver.o              876                40
    spim_8xx.o                120
    swm_8xx.o                  56
    syscon_8xx.o               64
    sysinit.o                   8        8
    sysinit_8xx.o              32
    -----------------------------------------------
    Total:                  3 910      934      157

command line: [2]
    -----------------------------------------------
    Total:

dl6M_tlf.a: [3]
    exit.o                      8
    low_level_init.o            4
    -----------------------------------------------
    Total:                     12

m6M_tl.a: [4]
    DblDiv.o                  194
    DblMul.o                  388
    DblToFlt.o                 98
    FltDiv.o                  170
    FltMul.o                  176
    FltToDbl.o                 50
    FltToU32.o                 38
    I32ToFlt.o                 30
    -----------------------------------------------
    Total:                  1 144

rt6M_tl.a: [5]
    I32DivModFast.o           174
    IntDivZer.o                 2
    cexit.o                    10
    cmain.o                    26
    copy_init3.o               48
    cstartup_M.o               12
    data_init.o                40
    zero_init3.o               60
    -----------------------------------------------
    Total:                    372

shb_l.a: [6]
    exit.o                     20
    -----------------------------------------------
    Total:                     20

    Gaps                        8
    Linker created                      36      512
---------------------------------------------------
    Grand Total:            5 466      970      669


*******************************************************************************
*** ENTRY LIST
***

Entry                      Address   Size  Type      Object
-----                      -------   ----  ----      ------
.iar.init_table$$Base   0x00001a9c          --   Gb  - Linker created -
.iar.init_table$$Limit  0x00001ac0          --   Gb  - Linker created -
?main                   0x00001ae1         Code  Gb  cmain.o [5]
CSTACK$$Base            0x100000c0          --   Gb  - Linker created -
CSTACK$$Limit           0x100002c0          --   Gb  - Linker created -
Calc_Master_Delta       0x00001553   0x74  Code  Lc  calc_value.o [1]
Calc_Slaver_Delta       0x0000151d   0x36  Code  Lc  calc_value.o [1]
Chip_Clock_DisablePeriphClock
                        0x00000a6f   0x14  Code  Lc  mlx90316.o [1]
Chip_Clock_DisablePeriphClock
                        0x00000361   0x14  Code  Lc  spi_slaver.o [1]
Chip_Clock_EnablePeriphClock
                        0x00001639   0x14  Code  Lc  gpio_8xx.o [1]
Chip_Clock_EnablePeriphClock
                        0x00000a5b   0x14  Code  Lc  mlx90316.o [1]
Chip_Clock_EnablePeriphClock
                        0x0000034d   0x14  Code  Lc  spi_slaver.o [1]
Chip_Clock_GetExtClockInRate
                        0x000010d7    0x6  Code  Lc  clock_8xx.o [1]
Chip_Clock_GetIntOscRate
                        0x000010d3    0x4  Code  Lc  clock_8xx.o [1]
Chip_Clock_GetMainClockRate
                        0x00001189   0x34  Code  Gb  clock_8xx.o [1]
Chip_Clock_GetMainOscRate
                        0x000010cd    0x6  Code  Lc  clock_8xx.o [1]
Chip_Clock_GetPLLFreq   0x000010fd    0xe  Code  Lc  clock_8xx.o [1]
Chip_Clock_GetSystemClockRate
                        0x000011bd   0x12  Code  Gb  clock_8xx.o [1]
Chip_Clock_GetSystemPLLInClockRate
                        0x00001143   0x30  Code  Gb  clock_8xx.o [1]
Chip_Clock_GetSystemPLLOutClockRate
                        0x00001173   0x16  Code  Gb  clock_8xx.o [1]
Chip_Clock_GetWDTLFORate
                        0x000010dd   0x20  Code  Lc  clock_8xx.o [1]
Chip_Clock_GetWDTOSCRate
                        0x00001133   0x10  Code  Gb  clock_8xx.o [1]
Chip_Clock_IsSystemPLLLocked
                        0x0000187f    0xc  Code  Lc  irc_8xx.o [1]
Chip_Clock_SetMainClockSource
                        0x0000111f   0x14  Code  Gb  clock_8xx.o [1]
Chip_Clock_SetSysClockDiv
                        0x0000188b    0x6  Code  Lc  irc_8xx.o [1]
Chip_Clock_SetSystemPLLSource
                        0x0000110b   0x14  Code  Gb  clock_8xx.o [1]
Chip_Clock_SetupSystemPLL
                        0x00001869   0x16  Code  Lc  irc_8xx.o [1]
Chip_FMC_SetFLASHAccess
                        0x00001891   0x10  Code  Lc  irc_8xx.o [1]
Chip_GPIO_Init          0x00001655    0xa  Code  Gb  gpio_8xx.o [1]
Chip_GPIO_SetPinDIROutput
                        0x00001471   0x14  Code  Lc  led.o [1]
Chip_GPIO_SetPinToggle  0x00001485   0x14  Code  Lc  led.o [1]
Chip_IAP_CopyRamToFlash
                        0x00001685   0x2c  Code  Gb  iap.o [1]
Chip_IAP_ErasePage      0x000016b1   0x2a  Code  Gb  iap.o [1]
Chip_IAP_PreSectorForReadWrite
                        0x00001669   0x1c  Code  Gb  iap.o [1]
Chip_IOCON_PinSetI2CMode
                        0x0000066d   0x20  Code  Gb  iocon_8xx.o [1]
Chip_IRC_SetFreq        0x000018eb   0x7e  Code  Gb  irc_8xx.o [1]
Chip_SPIM_DelayConfig   0x00000d9b   0x32  Code  Gb  spim_8xx.o [1]
Chip_SPIM_GetClockRate  0x00000d59   0x14  Code  Gb  spim_8xx.o [1]
Chip_SPIM_SetClockRate  0x00000d6d   0x2e  Code  Gb  spim_8xx.o [1]
Chip_SPI_ClearCFGRegBits
                        0x00000a91    0xe  Code  Lc  mlx90316.o [1]
Chip_SPI_ClearCFGRegBits
                        0x00000383    0xe  Code  Lc  spi_slaver.o [1]
Chip_SPI_ClearStatus    0x00000aeb    0x4  Code  Lc  mlx90316.o [1]
Chip_SPI_ClearStatus    0x000003e5    0x4  Code  Lc  spi_slaver.o [1]
Chip_SPI_ClearTXCTRLRegBits
                        0x00000afb    0xc  Code  Lc  mlx90316.o [1]
Chip_SPI_ClearTXCTRLRegBits
                        0x000003f9    0xc  Code  Lc  spi_slaver.o [1]
Chip_SPI_ConfigureSPI   0x00000acd   0x1e  Code  Lc  mlx90316.o [1]
Chip_SPI_ConfigureSPI   0x000003bf   0x1e  Code  Lc  spi_slaver.o [1]
Chip_SPI_Enable         0x00000ac3    0xa  Code  Lc  mlx90316.o [1]
Chip_SPI_Enable         0x000003b5    0xa  Code  Lc  spi_slaver.o [1]
Chip_SPI_EnableInts     0x000003e9    0x4  Code  Lc  spi_slaver.o [1]
Chip_SPI_GetStatus      0x000003dd    0x8  Code  Lc  spi_slaver.o [1]
Chip_SPI_Init           0x00000a9f   0x24  Code  Lc  mlx90316.o [1]
Chip_SPI_Init           0x00000391   0x24  Code  Lc  spi_slaver.o [1]
Chip_SPI_SetCFGRegBits  0x00000a83    0xe  Code  Lc  mlx90316.o [1]
Chip_SPI_SetCFGRegBits  0x00000375    0xe  Code  Lc  spi_slaver.o [1]
Chip_SPI_SetTXCTRLRegBits
                        0x00000aef    0xc  Code  Lc  mlx90316.o [1]
Chip_SPI_SetTXCTRLRegBits
                        0x000003ed    0xc  Code  Lc  spi_slaver.o [1]
Chip_SPI_SetXferSize    0x00000b07   0x22  Code  Lc  mlx90316.o [1]
Chip_SPI_SetXferSize    0x00000405   0x22  Code  Lc  spi_slaver.o [1]
Chip_SWM_MovablePinAssign
                        0x00000691   0x30  Code  Gb  swm_8xx.o [1]
Chip_SYSCTL_AssertPeriphReset
                        0x00000a1d   0x14  Code  Lc  mlx90316.o [1]
Chip_SYSCTL_AssertPeriphReset
                        0x0000030f   0x14  Code  Lc  spi_slaver.o [1]
Chip_SYSCTL_DeassertPeriphReset
                        0x00000a31   0x14  Code  Lc  mlx90316.o [1]
Chip_SYSCTL_DeassertPeriphReset
                        0x00000323   0x14  Code  Lc  spi_slaver.o [1]
Chip_SYSCTL_PeriphReset
                        0x00000a45   0x16  Code  Lc  mlx90316.o [1]
Chip_SYSCTL_PeriphReset
                        0x00000337   0x16  Code  Lc  spi_slaver.o [1]
Chip_SYSCTL_PowerDown   0x00001989   0x1c  Code  Gb  syscon_8xx.o [1]
Chip_SYSCTL_PowerUp     0x000019a5   0x1a  Code  Gb  syscon_8xx.o [1]
Chip_SetupIrcClocking   0x00001ac1    0xc  Code  Gb  sysinit_8xx.o [1]
Chip_SystemInit         0x00001ad9    0x8  Code  Gb  sysinit_8xx.o [1]
ExtRateIn               0x00001b50    0x4  Data  Gb  sysinit.o [1]
Init_SPIS_PinMux        0x00000497   0x46  Code  Lc  spi_slaver.o [1]
Init_SPI_PinMux         0x00000b29   0x4e  Code  Lc  mlx90316.o [1]
LED_GPIO_Config         0x00001499   0x18  Code  Gb  led.o [1]
LED_Toggle              0x000014b1   0x10  Code  Gb  led.o [1]
MLX90316_ReadData       0x00000c4d   0xc8  Code  Gb  mlx90316.o [1]
Mlx90316_SPI_Config     0x00000c41    0xc  Code  Gb  mlx90316.o [1]
NVIC_EnableIRQ          0x00000301    0xe  Code  Lc  spi_slaver.o [1]
NVIC_SetPriority        0x000012b1   0x84  Code  Lc  main.o [1]
OscRateIn               0x00001b4c    0x4  Data  Gb  sysinit.o [1]
RatioK                  0x10000024    0x4  Data  Lc  calc_value.o [1]
ReadMSDir               0x00001379    0x6  Code  Lc  main.o [1]
ReadMasterStartValue    0x00001373    0x6  Code  Lc  main.o [1]
ReadRecordFlag          0x00001365    0x8  Code  Lc  main.o [1]
ReadSlaverStartValue    0x0000136d    0x6  Code  Lc  main.o [1]
Region$$Table$$Base     0x00001a9c          --   Gb  - Linker created -
Region$$Table$$Limit    0x00001ac0          --   Gb  - Linker created -
SPI1_IRQHandler         0x00000531   0xec  Code  Gb  spi_slaver.o [1]
SPI1_IRQHandler::dummy_datah
                        0x100000b9    0x1  Data  Lc  spi_slaver.o [1]
SPI1_IRQHandler::dummy_datahn
                        0x100000bb    0x1  Data  Lc  spi_slaver.o [1]
SPI1_IRQHandler::dummy_datal
                        0x100000ba    0x1  Data  Lc  spi_slaver.o [1]
SPI1_IRQHandler::dummy_dataln
                        0x100000bc    0x1  Data  Lc  spi_slaver.o [1]
SPI1_IRQHandler::dummy_value
                        0x100000b4    0x2  Data  Lc  spi_slaver.o [1]
SPI1_IRQHandler::i      0x100000b8    0x1  Data  Lc  spi_slaver.o [1]
SPI1_IRQHandler::rcv    0x1000009c    0xc  Data  Lc  spi_slaver.o [1]
SPI1_IRQHandler::rcvdat
                        0x10000088   0x14  Data  Lc  spi_slaver.o [1]
SPI1_IRQHandler::rcvtmp
                        0x100000b7    0x1  Data  Lc  spi_slaver.o [1]
SPI1_WaitRXRDY          0x0000044b   0x24  Code  Gb  spi_slaver.o [1]
SPI1_WaitTXRDY          0x00000427   0x24  Code  Gb  spi_slaver.o [1]
SampleAndCalcEncoderValue
                        0x000015c7   0x62  Code  Gb  calc_value.o [1]
SendRecv_Start          0x00000bcb   0x2a  Code  Lc  mlx90316.o [1]
SendRecv_Stop           0x00000c1b   0x26  Code  Lc  mlx90316.o [1]
Send_Byte               0x00000bf5   0x26  Code  Lc  mlx90316.o [1]
Slaver_SPI_Config       0x00000525    0xc  Code  Gb  spi_slaver.o [1]
Slaver_Send_Byte        0x0000046f   0x28  Code  Gb  spi_slaver.o [1]
SysTick_Config          0x00001335   0x30  Code  Lc  main.o [1]
SysTick_Handler         0x00001409   0x22  Code  Gb  main.o [1]
SysTick_Handler::mlx_rd_cnt
                        0x100000b2    0x2  Data  Lc  main.o [1]
SystemCoreClock         0x100000a8    0x4  Data  Gb  chip_8xx.o [1]
SystemCoreClockUpdate   0x00001461   0x10  Code  Gb  chip_8xx.o [1]
SystemInit              0x00001b45    0x8  Code  Gb  sysinit.o [1]
WriteSlaverStartValue   0x000014c1   0x5c  Code  Gb  ecd_flash.o [1]
__Vectors               0x00000000          --   Gb  iar_startup_lpc82x.o [1]
__Vectors_End           0x000000c0         Data  Gb  iar_startup_lpc82x.o [1]
__Vectors_Size {Abs}    0x000000c0          --   Gb  iar_startup_lpc82x.o [1]
__aeabi_d2f             0x00001069         Code  Gb  DblToFlt.o [4]
__aeabi_ddiv            0x00000e23         Code  Gb  DblDiv.o [4]
__aeabi_dmul            0x00000ee5         Code  Gb  DblMul.o [4]
__aeabi_f2d             0x00000df1         Code  Gb  FltToDbl.o [4]
__aeabi_f2uiz           0x00001841         Code  Gb  FltToU32.o [4]
__aeabi_fdiv            0x000016e5         Code  Gb  FltDiv.o [4]
__aeabi_fmul            0x0000178f         Code  Gb  FltMul.o [4]
__aeabi_idiv0           0x000012ad         Code  Gb  IntDivZer.o [5]
__aeabi_ui2f            0x00000dd1         Code  Gb  I32ToFlt.o [4]
__aeabi_uidiv           0x000011fd         Code  Gb  I32DivModFast.o [5]
__aeabi_uidivmod        0x000011fd         Code  Gb  I32DivModFast.o [5]
__cmain                 0x00001ae1         Code  Gb  cmain.o [5]
__exit                  0x00001b15   0x14  Code  Gb  exit.o [6]
__iar_copy_init3        0x00001a45   0x30  Code  Gb  copy_init3.o [5]
__iar_data_init3        0x00001a75   0x28  Code  Gb  data_init.o [5]
__iar_program_start     0x00001b39         Code  Gb  cstartup_M.o [5]
__iar_ui2f              0x00000dd5         Code  Gb  I32ToFlt.o [4]
__iar_zero_init3        0x00001a09   0x3c  Code  Gb  zero_init3.o [5]
__low_level_init        0x00001afb    0x4  Code  Gb  low_level_init.o [3]
__vector_table          0x00000000         Data  Gb  iar_startup_lpc82x.o [1]
__vector_table_0x1c     0x00000010         Data  Gb  iar_startup_lpc82x.o [1]
_call_main              0x00001aed         Code  Gb  cmain.o [5]
_exit                   0x00001b09         Code  Gb  cexit.o [5]
_main                   0x00001af7         Code  Gb  cmain.o [5]
config_tab              0x000006c8  0x354  Data  Lc  irc_8xx.o [1]
config_tab_ct           0x00000dee    0x2  Data  Lc  irc_8xx.o [1]
config_tab_idx          0x100000b0    0x2  Data  Lc  irc_8xx.o [1]
ecdval                  0x10000028   0x40  Data  Gb  ecd_flash.o [1]
exit                    0x00001aff    0x8  Code  Gb  exit.o [3]
iap_entry               0x00001661    0x8  Code  Lc  iap.o [1]
main                    0x0000137f   0x8a  Code  Gb  main.o [1]
mlx_rd_flag             0x100000b6    0x1  Data  Lc  main.o [1]
pll_config              0x000018a1   0x4a  Code  Lc  irc_8xx.o [1]
psEncoderValue          0x10000020    0x4  Data  Gb  calc_value.o [1]
sEncoderValue           0x10000068   0x20  Data  Gb  calc_value.o [1]
setupMaster             0x00000b77   0x54  Code  Lc  mlx90316.o [1]
setupMaster::spi_clk_rate
                        0x100000ac    0x4  Data  Lc  mlx90316.o [1]
setupSlave              0x000004dd   0x3e  Code  Lc  spi_slaver.o [1]
wdtOSCRate              0x000019c8   0x40  Data  Lc  clock_8xx.o [1]


[1] = C:\Users\Administrator\Desktop\multicoil_encoder_fw\multicoil_encoder_firmware_iar\EWARM\Debug\Obj
[2] = command line
[3] = dl6M_tlf.a
[4] = m6M_tl.a
[5] = rt6M_tl.a
[6] = shb_l.a

  5 466 bytes of readonly  code memory
    970 bytes of readonly  data memory
    669 bytes of readwrite data memory

Errors: none
Warnings: none
