###############################################################################
#
# IAR ELF Linker V8.22.2.15995/W32 for ARM                28/May/2018  20:00:41
# Copyright 2007-2018 IAR Systems AB.
#
#    Output file  =  
#        C:\Users\Administrator\Desktop\multicoil_encoder_fw\multicoil_encoder_firmware_iar\EWARM\Debug\Exe\multicoil_encoder.out.tmp
#    Map file     =  
#        C:\Users\Administrator\Desktop\multicoil_encoder_fw\multicoil_encoder_firmware_iar\EWARM\Debug\List\multicoil_encoder.map
#    Command line =  
#        -f C:\Users\ADMINI~1\AppData\Local\Temp\EW7679.tmp
#        (C:\Users\Administrator\Desktop\multicoil_encoder_fw\multicoil_encoder_firmware_iar\EWARM\Debug\Obj\calc_value.o
#        C:\Users\Administrator\Desktop\multicoil_encoder_fw\multicoil_encoder_firmware_iar\EWARM\Debug\Obj\chip_8xx.o
#        C:\Users\Administrator\Desktop\multicoil_encoder_fw\multicoil_encoder_firmware_iar\EWARM\Debug\Obj\clock_8xx.o
#        C:\Users\Administrator\Desktop\multicoil_encoder_fw\multicoil_encoder_firmware_iar\EWARM\Debug\Obj\dma_8xx.o
#        C:\Users\Administrator\Desktop\multicoil_encoder_fw\multicoil_encoder_firmware_iar\EWARM\Debug\Obj\eeprom.o
#        C:\Users\Administrator\Desktop\multicoil_encoder_fw\multicoil_encoder_firmware_iar\EWARM\Debug\Obj\gpio_8xx.o
#        C:\Users\Administrator\Desktop\multicoil_encoder_fw\multicoil_encoder_firmware_iar\EWARM\Debug\Obj\iar_startup_lpc82x.o
#        C:\Users\Administrator\Desktop\multicoil_encoder_fw\multicoil_encoder_firmware_iar\EWARM\Debug\Obj\iocon_8xx.o
#        C:\Users\Administrator\Desktop\multicoil_encoder_fw\multicoil_encoder_firmware_iar\EWARM\Debug\Obj\irc_8xx.o
#        C:\Users\Administrator\Desktop\multicoil_encoder_fw\multicoil_encoder_firmware_iar\EWARM\Debug\Obj\led.o
#        C:\Users\Administrator\Desktop\multicoil_encoder_fw\multicoil_encoder_firmware_iar\EWARM\Debug\Obj\main.o
#        C:\Users\Administrator\Desktop\multicoil_encoder_fw\multicoil_encoder_firmware_iar\EWARM\Debug\Obj\mlx90316.o
#        C:\Users\Administrator\Desktop\multicoil_encoder_fw\multicoil_encoder_firmware_iar\EWARM\Debug\Obj\spi_8xx.o
#        C:\Users\Administrator\Desktop\multicoil_encoder_fw\multicoil_encoder_firmware_iar\EWARM\Debug\Obj\spi_slaver.o
#        C:\Users\Administrator\Desktop\multicoil_encoder_fw\multicoil_encoder_firmware_iar\EWARM\Debug\Obj\spim_8xx.o
#        C:\Users\Administrator\Desktop\multicoil_encoder_fw\multicoil_encoder_firmware_iar\EWARM\Debug\Obj\spis_8xx.o
#        C:\Users\Administrator\Desktop\multicoil_encoder_fw\multicoil_encoder_firmware_iar\EWARM\Debug\Obj\swm_8xx.o
#        C:\Users\Administrator\Desktop\multicoil_encoder_fw\multicoil_encoder_firmware_iar\EWARM\Debug\Obj\syscon_8xx.o
#        C:\Users\Administrator\Desktop\multicoil_encoder_fw\multicoil_encoder_firmware_iar\EWARM\Debug\Obj\sysinit.o
#        C:\Users\Administrator\Desktop\multicoil_encoder_fw\multicoil_encoder_firmware_iar\EWARM\Debug\Obj\sysinit_8xx.o
#        C:\Users\Administrator\Desktop\multicoil_encoder_fw\multicoil_encoder_firmware_iar\EWARM\Debug\Obj\uart_8xx.o
#        -o
#        C:\Users\Administrator\Desktop\multicoil_encoder_fw\multicoil_encoder_firmware_iar\EWARM\Debug\Exe\multicoil_encoder.out.tmp
#        --map
#        C:\Users\Administrator\Desktop\multicoil_encoder_fw\multicoil_encoder_firmware_iar\EWARM\Debug\List\multicoil_encoder.map
#        --config
#        C:\Users\Administrator\Desktop\multicoil_encoder_fw\multicoil_encoder_firmware_iar\EWARM\LPC822M101.icf
#        --semihosting --entry __iar_program_start --vfe --text_out locale)
#
###############################################################################

*******************************************************************************
*** RUNTIME MODEL ATTRIBUTES
***

CppFlavor       = *
__SystemLibrary = DLib
__dlib_version  = 6


*******************************************************************************
*** HEAP SELECTION
***

The basic heap was selected because no calls to memory allocation
functions were found in the application outside of system library
functions, and there are calls to deallocation functions in the
application.


*******************************************************************************
*** PLACEMENT SUMMARY
***

"A0":  place at 0x00000000 { ro section .intvec };
"P1":  place in [from 0x00000000 to 0x000002fb] |
                [from 0x00000300 to 0x00003fff] { ro };
define block CSTACK with size = 1K, alignment = 8 { };
define block HEAP with size = 1K, alignment = 8 { };
"P2":  place in [from 0x10000000 to 0x10000fff] {
          rw, block CSTACK, block HEAP };
"P3":  place in [from 0x000002fc to 0x000002ff] { section .crp };
initialize by copy { rw };

  Section            Kind        Address    Size  Object
  -------            ----        -------    ----  ------
"A0":                                       0xc0
  .intvec            ro code  0x00000000    0xc0  iar_startup_lpc82x.o [1]
                            - 0x000000c0    0xc0

"P1", part 1 of 2:                          0x40
  .rodata            const    0x000000c0     0x0  copy_init3.o [5]
  Initializer bytes  const    0x000000c0    0x40  <for P2 s0>
                            - 0x00000100    0x40

"P3":                                        0x4
  .crp               ro code  0x000002fc     0x4  iar_startup_lpc82x.o [1]
                            - 0x00000300     0x4

"P1", part 2 of 2:                        0x1690
  .text              ro code  0x00000300   0x368  spi_slaver.o [1]
  .text              ro code  0x00000668    0x28  iocon_8xx.o [1]
  .text              ro code  0x00000690    0x38  swm_8xx.o [1]
  .rodata            const    0x000006c8   0x354  irc_8xx.o [1]
  .text              ro code  0x00000a1c   0x33c  mlx90316.o [1]
  .text              ro code  0x00000d58    0x7c  spim_8xx.o [1]
  .text              ro code  0x00000dd4    0x20  IxxToFlt.o [4]
  .text              ro code  0x00000df4    0x32  FltToDbl.o [4]
  .text              ro code  0x00000e26    0xc2  DblDiv.o [4]
  .text              ro code  0x00000ee8   0x184  DblMul.o [4]
  .text              ro code  0x0000106c    0x62  DblToFlt.o [4]
  .rodata            const    0x000010ce     0x2  irc_8xx.o [1]
  .text              ro code  0x000010d0   0x12c  clock_8xx.o [1]
  .text              ro code  0x000011fc    0xae  I32DivModFast.o [5]
  .text              ro code  0x000012aa     0x2  iar_startup_lpc82x.o [1]
  .text              ro code  0x000012ac     0x2  IntDivZer.o [5]
  .text              ro code  0x000012ae     0x2  iar_startup_lpc82x.o [1]
  .text              ro code  0x000012b0   0x1bc  main.o [1]
  .text              ro code  0x0000146c    0x10  chip_8xx.o [1]
  .text              ro code  0x0000147c    0x50  led.o [1]
  .text              ro code  0x000014cc    0xaa  FltDiv.o [4]
  .text              ro code  0x00001576    0xb0  FltMul.o [4]
  .text              ro code  0x00001626     0x2  iar_startup_lpc82x.o [1]
  .text              ro code  0x00001628    0x26  FltToU32.o [4]
  .text              ro code  0x0000164e     0x2  iar_startup_lpc82x.o [1]
  .text              ro code  0x00001650    0x68  eeprom.o [1]
  .text              ro code  0x000016b8    0x26  gpio_8xx.o [1]
  .text              ro code  0x000016e0   0x128  irc_8xx.o [1]
  .text              ro code  0x00001808    0x40  syscon_8xx.o [1]
  .rodata            const    0x00001848    0x40  clock_8xx.o [1]
  .text              ro code  0x00001888    0x30  copy_init3.o [5]
  .text              ro code  0x000018b8    0x28  data_init.o [5]
  .iar.init_table    const    0x000018e0    0x14  - Linker created -
  .text              ro code  0x000018f4    0x20  sysinit_8xx.o [1]
  .text              ro code  0x00001914    0x1e  cmain.o [5]
  .text              ro code  0x00001932     0x4  low_level_init.o [3]
  .text              ro code  0x00001936     0x8  exit.o [3]
  .text              ro code  0x00001940     0xa  cexit.o [5]
  .text              ro code  0x0000194c    0x14  exit.o [6]
  .text              ro code  0x00001960    0x10  iar_startup_lpc82x.o [1]
  .text              ro code  0x00001970     0xc  cstartup_M.o [5]
  .text              ro code  0x0000197c     0x8  sysinit.o [1]
  .rodata            const    0x00001984     0x4  sysinit.o [1]
  .rodata            const    0x00001988     0x4  sysinit.o [1]
  .text              ro code  0x0000198c     0x4  iar_startup_lpc82x.o [1]
                            - 0x00001990  0x1690

"P2", part 1 of 2:                          0x40
  P2 s0                       0x10000000    0x40  <Init block>
    .bss             inited   0x10000000    0x14  spi_slaver.o [1]
    .bss             inited   0x10000014     0xc  spi_slaver.o [1]
    .bss             inited   0x10000020     0x4  chip_8xx.o [1]
    .bss             inited   0x10000024     0x4  main.o [1]
    .bss             inited   0x10000028     0x4  mlx90316.o [1]
    .bss             inited   0x1000002c     0x2  irc_8xx.o [1]
    .bss             inited   0x1000002e     0x2  main.o [1]
    .bss             inited   0x10000030     0x2  main.o [1]
    .bss             inited   0x10000032     0x2  main.o [1]
    .bss             inited   0x10000034     0x2  spi_slaver.o [1]
    .data            inited   0x10000036     0x1  main.o [1]
    .bss             inited   0x10000037     0x1  main.o [1]
    .bss             inited   0x10000038     0x1  main.o [1]
    .bss             inited   0x10000039     0x1  main.o [1]
    .bss             inited   0x1000003a     0x1  spi_slaver.o [1]
    .bss             inited   0x1000003b     0x1  spi_slaver.o [1]
    .bss             inited   0x1000003c     0x1  spi_slaver.o [1]
    .bss             inited   0x1000003d     0x1  spi_slaver.o [1]
    .bss             inited   0x1000003e     0x1  spi_slaver.o [1]
    .bss             inited   0x1000003f     0x1  spi_slaver.o [1]
                            - 0x10000040    0x40

"P2", part 2 of 2:                         0x400
  CSTACK                      0x10000040   0x400  <Block>
    CSTACK           uninit   0x10000040   0x400  <Block tail>
                            - 0x10000440   0x400


*******************************************************************************
*** INIT TABLE
***

          Address     Size
          -------     ----
Copy (__iar_copy_init3)
    1 source range, total size 0x40:
          0x000000c0  0x40
    1 destination range, total size 0x40:
          0x10000000  0x40



*******************************************************************************
*** MODULE SUMMARY
***

    Module                ro code  ro data  rw data
    ------                -------  -------  -------
C:\Users\Administrator\Desktop\multicoil_encoder_fw\multicoil_encoder_firmware_iar\EWARM\Debug\Obj: [1]
    chip_8xx.o                 16        4        4
    clock_8xx.o               300       64
    eeprom.o                  104
    gpio_8xx.o                 38
    iar_startup_lpc82x.o      224
    iocon_8xx.o                40
    irc_8xx.o                 296      856        2
    led.o                      80
    main.o                    444       14       14
    mlx90316.o                828        4        4
    spi_slaver.o              872       40       40
    spim_8xx.o                124
    swm_8xx.o                  56
    syscon_8xx.o               64
    sysinit.o                   8        8
    sysinit_8xx.o              32
    -----------------------------------------------
    Total:                  3 526      990       64

command line: [2]
    -----------------------------------------------
    Total:

dl6M_tln.a: [3]
    exit.o                      8
    low_level_init.o            4
    -----------------------------------------------
    Total:                     12

m6M_tl.a: [4]
    DblDiv.o                  194
    DblMul.o                  388
    DblToFlt.o                 98
    FltDiv.o                  170
    FltMul.o                  176
    FltToDbl.o                 50
    FltToU32.o                 38
    IxxToFlt.o                 32
    -----------------------------------------------
    Total:                  1 146

rt6M_tl.a: [5]
    I32DivModFast.o           174
    IntDivZer.o                 2
    cexit.o                    10
    cmain.o                    30
    copy_init3.o               48
    cstartup_M.o               12
    data_init.o                40
    -----------------------------------------------
    Total:                    316

shb_l.a: [6]
    exit.o                     20
    -----------------------------------------------
    Total:                     20

    Gaps                        6
    Linker created                      20    1 024
---------------------------------------------------
    Grand Total:            5 026    1 010    1 088


*******************************************************************************
*** ENTRY LIST
***

Entry                      Address   Size  Type      Object
-----                      -------   ----  ----      ------
.iar.init_table$$Base   0x000018e0          --   Gb  - Linker created -
.iar.init_table$$Limit  0x000018f4          --   Gb  - Linker created -
?main                   0x00001915         Code  Gb  cmain.o [5]
CSTACK$$Base            0x10000040          --   Gb  - Linker created -
CSTACK$$Limit           0x10000440          --   Gb  - Linker created -
Chip_Clock_DisablePeriphClock
                        0x00000a6f   0x14  Code  Lc  mlx90316.o [1]
Chip_Clock_DisablePeriphClock
                        0x00000361   0x14  Code  Lc  spi_slaver.o [1]
Chip_Clock_EnablePeriphClock
                        0x000016b9   0x14  Code  Lc  gpio_8xx.o [1]
Chip_Clock_EnablePeriphClock
                        0x00000a5b   0x14  Code  Lc  mlx90316.o [1]
Chip_Clock_EnablePeriphClock
                        0x0000034d   0x14  Code  Lc  spi_slaver.o [1]
Chip_Clock_GetExtClockInRate
                        0x000010db    0x6  Code  Lc  clock_8xx.o [1]
Chip_Clock_GetIntOscRate
                        0x000010d7    0x4  Code  Lc  clock_8xx.o [1]
Chip_Clock_GetMainClockRate
                        0x0000118b   0x34  Code  Gb  clock_8xx.o [1]
Chip_Clock_GetMainOscRate
                        0x000010d1    0x6  Code  Lc  clock_8xx.o [1]
Chip_Clock_GetPLLFreq   0x00001101    0xc  Code  Lc  clock_8xx.o [1]
Chip_Clock_GetSystemClockRate
                        0x000011bf   0x12  Code  Gb  clock_8xx.o [1]
Chip_Clock_GetSystemPLLInClockRate
                        0x00001145   0x30  Code  Gb  clock_8xx.o [1]
Chip_Clock_GetSystemPLLOutClockRate
                        0x00001175   0x16  Code  Gb  clock_8xx.o [1]
Chip_Clock_GetWDTLFORate
                        0x000010e1   0x20  Code  Lc  clock_8xx.o [1]
Chip_Clock_GetWDTOSCRate
                        0x00001135   0x10  Code  Gb  clock_8xx.o [1]
Chip_Clock_IsSystemPLLLocked
                        0x000016f7    0xc  Code  Lc  irc_8xx.o [1]
Chip_Clock_SetMainClockSource
                        0x00001121   0x14  Code  Gb  clock_8xx.o [1]
Chip_Clock_SetSysClockDiv
                        0x00001703    0x6  Code  Lc  irc_8xx.o [1]
Chip_Clock_SetSystemPLLSource
                        0x0000110d   0x14  Code  Gb  clock_8xx.o [1]
Chip_Clock_SetupSystemPLL
                        0x000016e1   0x16  Code  Lc  irc_8xx.o [1]
Chip_EEPROM_Read        0x00001685   0x2c  Code  Gb  eeprom.o [1]
Chip_EEPROM_Write       0x00001659   0x2c  Code  Gb  eeprom.o [1]
Chip_FMC_SetFLASHAccess
                        0x00001709   0x10  Code  Lc  irc_8xx.o [1]
Chip_GPIO_Init          0x000016d5    0xa  Code  Gb  gpio_8xx.o [1]
Chip_GPIO_SetPinDIROutput
                        0x0000147d   0x14  Code  Lc  led.o [1]
Chip_GPIO_SetPinToggle  0x00001491   0x14  Code  Lc  led.o [1]
Chip_IOCON_PinSetI2CMode
                        0x00000669   0x22  Code  Gb  iocon_8xx.o [1]
Chip_IRC_SetFreq        0x00001763   0x84  Code  Gb  irc_8xx.o [1]
Chip_SPIM_DelayConfig   0x00000d9d   0x32  Code  Gb  spim_8xx.o [1]
Chip_SPIM_GetClockRate  0x00000d59   0x14  Code  Gb  spim_8xx.o [1]
Chip_SPIM_SetClockRate  0x00000d6d   0x30  Code  Gb  spim_8xx.o [1]
Chip_SPI_ClearCFGRegBits
                        0x00000a91    0xe  Code  Lc  mlx90316.o [1]
Chip_SPI_ClearCFGRegBits
                        0x00000383    0xe  Code  Lc  spi_slaver.o [1]
Chip_SPI_ClearStatus    0x00000aeb    0x4  Code  Lc  mlx90316.o [1]
Chip_SPI_ClearStatus    0x000003e5    0x4  Code  Lc  spi_slaver.o [1]
Chip_SPI_ClearTXCTRLRegBits
                        0x00000afb    0xc  Code  Lc  mlx90316.o [1]
Chip_SPI_ClearTXCTRLRegBits
                        0x000003f9    0xc  Code  Lc  spi_slaver.o [1]
Chip_SPI_ConfigureSPI   0x00000acd   0x1e  Code  Lc  mlx90316.o [1]
Chip_SPI_ConfigureSPI   0x000003bf   0x1e  Code  Lc  spi_slaver.o [1]
Chip_SPI_Enable         0x00000ac3    0xa  Code  Lc  mlx90316.o [1]
Chip_SPI_Enable         0x000003b5    0xa  Code  Lc  spi_slaver.o [1]
Chip_SPI_EnableInts     0x000003e9    0x4  Code  Lc  spi_slaver.o [1]
Chip_SPI_GetStatus      0x000003dd    0x8  Code  Lc  spi_slaver.o [1]
Chip_SPI_Init           0x00000a9f   0x24  Code  Lc  mlx90316.o [1]
Chip_SPI_Init           0x00000391   0x24  Code  Lc  spi_slaver.o [1]
Chip_SPI_SetCFGRegBits  0x00000a83    0xe  Code  Lc  mlx90316.o [1]
Chip_SPI_SetCFGRegBits  0x00000375    0xe  Code  Lc  spi_slaver.o [1]
Chip_SPI_SetTXCTRLRegBits
                        0x00000aef    0xc  Code  Lc  mlx90316.o [1]
Chip_SPI_SetTXCTRLRegBits
                        0x000003ed    0xc  Code  Lc  spi_slaver.o [1]
Chip_SPI_SetXferSize    0x00000b07   0x22  Code  Lc  mlx90316.o [1]
Chip_SPI_SetXferSize    0x00000405   0x22  Code  Lc  spi_slaver.o [1]
Chip_SWM_MovablePinAssign
                        0x00000691   0x32  Code  Gb  swm_8xx.o [1]
Chip_SYSCTL_AssertPeriphReset
                        0x00000a1d   0x14  Code  Lc  mlx90316.o [1]
Chip_SYSCTL_AssertPeriphReset
                        0x0000030f   0x14  Code  Lc  spi_slaver.o [1]
Chip_SYSCTL_DeassertPeriphReset
                        0x00000a31   0x14  Code  Lc  mlx90316.o [1]
Chip_SYSCTL_DeassertPeriphReset
                        0x00000323   0x14  Code  Lc  spi_slaver.o [1]
Chip_SYSCTL_PeriphReset
                        0x00000a45   0x16  Code  Lc  mlx90316.o [1]
Chip_SYSCTL_PeriphReset
                        0x00000337   0x16  Code  Lc  spi_slaver.o [1]
Chip_SYSCTL_PowerDown   0x00001809   0x1a  Code  Gb  syscon_8xx.o [1]
Chip_SYSCTL_PowerUp     0x00001823   0x1a  Code  Gb  syscon_8xx.o [1]
Chip_SetupIrcClocking   0x000018f5    0xc  Code  Gb  sysinit_8xx.o [1]
Chip_SystemInit         0x0000190d    0x8  Code  Gb  sysinit_8xx.o [1]
ExtRateIn               0x00001988    0x4  Data  Gb  sysinit.o [1]
Init_SPIS_PinMux        0x00000495   0x46  Code  Lc  spi_slaver.o [1]
Init_SPI_PinMux         0x00000b29   0x4e  Code  Lc  mlx90316.o [1]
LED_GPIO_Config         0x000014a5   0x18  Code  Gb  led.o [1]
LED_Toggle              0x000014bd   0x10  Code  Gb  led.o [1]
MLX90316_ReadData       0x00000c4b   0xc8  Code  Gb  mlx90316.o [1]
Mlx90316_SPI_Config     0x00000c3f    0xc  Code  Gb  mlx90316.o [1]
NVIC_EnableIRQ          0x00000301    0xe  Code  Lc  spi_slaver.o [1]
NVIC_SetPriority        0x000012b1   0x8c  Code  Lc  main.o [1]
OscRateIn               0x00001984    0x4  Data  Gb  sysinit.o [1]
Region$$Table$$Base     0x000018e0          --   Gb  - Linker created -
Region$$Table$$Limit    0x000018f4          --   Gb  - Linker created -
SPI1_IRQHandler         0x0000052d   0xec  Code  Gb  spi_slaver.o [1]
SPI1_IRQHandler::dummy_datah
                        0x1000003c    0x1  Data  Lc  spi_slaver.o [1]
SPI1_IRQHandler::dummy_datahn
                        0x1000003e    0x1  Data  Lc  spi_slaver.o [1]
SPI1_IRQHandler::dummy_datal
                        0x1000003d    0x1  Data  Lc  spi_slaver.o [1]
SPI1_IRQHandler::dummy_dataln
                        0x1000003f    0x1  Data  Lc  spi_slaver.o [1]
SPI1_IRQHandler::dummy_value
                        0x10000034    0x2  Data  Lc  spi_slaver.o [1]
SPI1_IRQHandler::i      0x1000003b    0x1  Data  Lc  spi_slaver.o [1]
SPI1_IRQHandler::rcv    0x10000014    0xc  Data  Lc  spi_slaver.o [1]
SPI1_IRQHandler::rcvdat
                        0x10000000   0x14  Data  Lc  spi_slaver.o [1]
SPI1_IRQHandler::rcvtmp
                        0x1000003a    0x1  Data  Lc  spi_slaver.o [1]
SPI1_WaitRXRDY          0x0000044b   0x24  Code  Gb  spi_slaver.o [1]
SPI1_WaitTXRDY          0x00000427   0x24  Code  Gb  spi_slaver.o [1]
SendRecv_Start          0x00000bcb   0x28  Code  Lc  mlx90316.o [1]
SendRecv_Stop           0x00000c19   0x26  Code  Lc  mlx90316.o [1]
Send_Byte               0x00000bf3   0x26  Code  Lc  mlx90316.o [1]
Slaver_SPI_Config       0x00000521    0xc  Code  Gb  spi_slaver.o [1]
Slaver_Send_Byte        0x0000046f   0x26  Code  Gb  spi_slaver.o [1]
SysTick_Config          0x0000133d   0x30  Code  Lc  main.o [1]
SysTick_Handler         0x00001405   0x22  Code  Gb  main.o [1]
SysTick_Handler::mlx_rd_cnt
                        0x10000032    0x2  Data  Lc  main.o [1]
SystemCoreClock         0x10000020    0x4  Data  Gb  chip_8xx.o [1]
SystemCoreClockUpdate   0x0000146d   0x10  Code  Gb  chip_8xx.o [1]
SystemInit              0x0000197d    0x8  Code  Gb  sysinit.o [1]
__Vectors               0x00000000          --   Gb  iar_startup_lpc82x.o [1]
__Vectors_End           0x000000c0         Data  Gb  iar_startup_lpc82x.o [1]
__Vectors_Size {Abs}    0x000000c0          --   Gb  iar_startup_lpc82x.o [1]
__aeabi_d2f             0x0000106d         Code  Gb  DblToFlt.o [4]
__aeabi_ddiv            0x00000e27         Code  Gb  DblDiv.o [4]
__aeabi_dmul            0x00000ee9         Code  Gb  DblMul.o [4]
__aeabi_f2d             0x00000df5         Code  Gb  FltToDbl.o [4]
__aeabi_f2uiz           0x00001629         Code  Gb  FltToU32.o [4]
__aeabi_fdiv            0x000014cd         Code  Gb  FltDiv.o [4]
__aeabi_fmul            0x00001577         Code  Gb  FltMul.o [4]
__aeabi_idiv0           0x000012ad         Code  Gb  IntDivZer.o [5]
__aeabi_ui2f            0x00000dd5         Code  Gb  IxxToFlt.o [4]
__aeabi_uidiv           0x000011fd         Code  Gb  I32DivModFast.o [5]
__aeabi_uidivmod        0x000011fd         Code  Gb  I32DivModFast.o [5]
__cmain                 0x00001915         Code  Gb  cmain.o [5]
__exit                  0x0000194d   0x14  Code  Gb  exit.o [6]
__iar_copy_init3        0x00001889   0x30  Code  Gb  copy_init3.o [5]
__iar_data_init3        0x000018b9   0x28  Code  Gb  data_init.o [5]
__iar_program_start     0x00001971         Code  Gb  cstartup_M.o [5]
__iar_systems$$module {Abs}
                        0x00000001         Data  Gb  command line/config [2]
__low_level_init        0x00001933    0x4  Code  Gb  low_level_init.o [3]
__vector_table          0x00000000         Data  Gb  iar_startup_lpc82x.o [1]
__vector_table_0x1c     0x00000010         Data  Gb  iar_startup_lpc82x.o [1]
_call_main              0x00001921         Code  Gb  cmain.o [5]
_exit                   0x00001941         Code  Gb  cexit.o [5]
_main                   0x0000192f         Code  Gb  cmain.o [5]
angle                   0x10000024    0x4  Data  Lc  main.o [1]
angle0                  0x1000002e    0x2  Data  Lc  main.o [1]
angle1                  0x10000030    0x2  Data  Lc  main.o [1]
config_tab              0x000006c8  0x354  Data  Lc  irc_8xx.o [1]
config_tab_ct           0x000010ce    0x2  Data  Lc  irc_8xx.o [1]
config_tab_idx          0x1000002c    0x2  Data  Lc  irc_8xx.o [1]
exit                    0x00001937    0x8  Code  Gb  exit.o [3]
iap_entry               0x00001651    0x8  Code  Lc  eeprom.o [1]
main                    0x0000136d   0x98  Code  Gb  main.o [1]
main::res               0x10000039    0x1  Data  Lc  main.o [1]
main::tmp               0x10000038    0x1  Data  Lc  main.o [1]
mlx_rd_flag             0x10000037    0x1  Data  Lc  main.o [1]
pll_config              0x00001719   0x4a  Code  Lc  irc_8xx.o [1]
setupMaster             0x00000b77   0x54  Code  Lc  mlx90316.o [1]
setupMaster::spi_clk_rate
                        0x10000028    0x4  Data  Lc  mlx90316.o [1]
setupSlave              0x000004db   0x3e  Code  Lc  spi_slaver.o [1]
value                   0x10000036    0x1  Data  Lc  main.o [1]
wdtOSCRate              0x00001848   0x40  Data  Lc  clock_8xx.o [1]


[1] = C:\Users\Administrator\Desktop\multicoil_encoder_fw\multicoil_encoder_firmware_iar\EWARM\Debug\Obj
[2] = command line
[3] = dl6M_tln.a
[4] = m6M_tl.a
[5] = rt6M_tl.a
[6] = shb_l.a

  5 026 bytes of readonly  code memory
  1 010 bytes of readonly  data memory
  1 088 bytes of readwrite data memory

Errors: none
Warnings: none
